Analyzing runn_front...                                         

   info - Statements in a for should be enclosed in a block - lib\features\territory\presentation\pages\territory_runner_profile_page.dart:346:37 - curly_braces_in_flow_control_structures
   info - Statements in a for should be enclosed in a block - lib\features\territory\presentation\pages\territory_runner_profile_page.dart:347:41 - curly_braces_in_flow_control_structures
   info - Statements in a for should be enclosed in a block - lib\features\territory\presentation\pages\territory_runner_profile_page.dart:348:55 - curly_braces_in_flow_control_structures

